
 --------------------
	clip_params: 2539567105

 --------------------
	lm3d_params: 32326080

 --------------------
	total_params: 2571893185 

Processing modelnet_c dataset.

cfg['positive']['shot_capacity']: 3 

n_cluster in KMeans: 3 

`alpha` for cache weights: 4.0 

`beta` for cache attention sharpness: 3.0 


Running dataset configurations:
{'positive': {'enabled': True, 'shot_capacity': 3, 'alpha': 4.0, 'beta': 3.0}, 'negative': {'enabled': True, 'shot_capacity': 2, 'alpha': 0.117, 'beta': 1.0, 'entropy_threshold': {'lower': 0.2, 'upper': 0.5}, 'mask_threshold': {'lower': 0.03, 'upper': 1.0}}} 

>>> classnames: ['airplane', 'bathtub', 'bed', 'bench', 'bookshelf', 'bottle', 'bowl', 'car', 'chair', 'cone', 'cup', 'curtain', 'desk', 'door', 'dresser', 'flower_pot', 'glass_box', 'guitar', 'keyboard', 'lamp', 'laptop', 'mantel', 'monitor', 'night_stand', 'person', 'piano', 'plant', 'radio', 'range_hood', 'sink', 'sofa', 'stairs', 'stool', 'table', 'tent', 'toilet', 'tv_stand', 'vase', 'wardrobe', 'xbox']
wandb: Tracking run with wandb version 0.26.1
wandb: W&B syncing is set to `offline` in this directory. Run `wandb online` or set WANDB_MODE=online to enable cloud syncing.
wandb: Run data is saved locally in /root/autodl-tmp/MCM-PC/Point-Cache/wandb/offline-run-20260511_112640-998fmn8g
********** Building [global] and [local] pos. cache ... ********** 

********** Building [global] and [local] pos. cache is Done! ********** 

len(pos_cache): 40
len(pos_local_cache): 40
>>> [geom] enabled, n_anchors = 120, alpha_g = 2.0, beta_g = 5.0, estimate_scale = True
/root/miniconda3/envs/mcmpc/lib/python3.9/site-packages/pytorch3d/ops/points_alignment.py:338: UserWarning: Excessively low rank of cross-correlation between aligned point clouds. corresponding_points_alignment cannot return a unique rotation.
  warnings.warn(
[geom-timing] sample=    0  n_anchors=120  icpcd_ms=783.9
---- [hier+geom] step 0 test acc: 100.00. ----

/root/miniconda3/envs/mcmpc/lib/python3.9/site-packages/pytorch3d/ops/points_alignment.py:338: UserWarning: Excessively low rank of cross-correlation between aligned point clouds. corresponding_points_alignment cannot return a unique rotation.
  warnings.warn(
[geom-timing] sample=    1  n_anchors=120  icpcd_ms=133.9
/root/miniconda3/envs/mcmpc/lib/python3.9/site-packages/pytorch3d/ops/points_alignment.py:338: UserWarning: Excessively low rank of cross-correlation between aligned point clouds. corresponding_points_alignment cannot return a unique rotation.
  warnings.warn(
[geom-timing] sample=    2  n_anchors=120  icpcd_ms=143.8
/root/miniconda3/envs/mcmpc/lib/python3.9/site-packages/pytorch3d/ops/points_alignment.py:338: UserWarning: Excessively low rank of cross-correlation between aligned point clouds. corresponding_points_alignment cannot return a unique rotation.
  warnings.warn(
[geom-timing] sample=    3  n_anchors=120  icpcd_ms=124.8
/root/miniconda3/envs/mcmpc/lib/python3.9/site-packages/pytorch3d/ops/points_alignment.py:338: UserWarning: Excessively low rank of cross-correlation between aligned point clouds. corresponding_points_alignment cannot return a unique rotation.
  warnings.warn(
[geom-timing] sample=    4  n_anchors=120  icpcd_ms=113.6
/root/miniconda3/envs/mcmpc/lib/python3.9/site-packages/pytorch3d/ops/points_alignment.py:338: UserWarning: Excessively low rank of cross-correlation between aligned point clouds. corresponding_points_alignment cannot return a unique rotation.
  warnings.warn(
[geom-timing] sample=    5  n_anchors=120  icpcd_ms=118.6
/root/miniconda3/envs/mcmpc/lib/python3.9/site-packages/pytorch3d/ops/points_alignment.py:338: UserWarning: Excessively low rank of cross-correlation between aligned point clouds. corresponding_points_alignment cannot return a unique rotation.
  warnings.warn(
[geom-timing] sample=    6  n_anchors=120  icpcd_ms=117.1
/root/miniconda3/envs/mcmpc/lib/python3.9/site-packages/pytorch3d/ops/points_alignment.py:338: UserWarning: Excessively low rank of cross-correlation between aligned point clouds. corresponding_points_alignment cannot return a unique rotation.
  warnings.warn(
[geom-timing] sample=    7  n_anchors=120  icpcd_ms=105.7
/root/miniconda3/envs/mcmpc/lib/python3.9/site-packages/pytorch3d/ops/points_alignment.py:338: UserWarning: Excessively low rank of cross-correlation between aligned point clouds. corresponding_points_alignment cannot return a unique rotation.
  warnings.warn(
[geom-timing] sample=    8  n_anchors=120  icpcd_ms=117.2
/root/miniconda3/envs/mcmpc/lib/python3.9/site-packages/pytorch3d/ops/points_alignment.py:338: UserWarning: Excessively low rank of cross-correlation between aligned point clouds. corresponding_points_alignment cannot return a unique rotation.
  warnings.warn(
[geom-timing] sample=    9  n_anchors=120  icpcd_ms=107.5
/root/miniconda3/envs/mcmpc/lib/python3.9/site-packages/pytorch3d/ops/points_alignment.py:338: UserWarning: Excessively low rank of cross-correlation between aligned point clouds. corresponding_points_alignment cannot return a unique rotation.
  warnings.warn(
[geom-timing] sample=   10  n_anchors=120  icpcd_ms=79.4
/root/miniconda3/envs/mcmpc/lib/python3.9/site-packages/pytorch3d/ops/points_alignment.py:338: UserWarning: Excessively low rank of cross-correlation between aligned point clouds. corresponding_points_alignment cannot return a unique rotation.
  warnings.warn(
[geom-timing] sample=   11  n_anchors=120  icpcd_ms=69.8
/root/miniconda3/envs/mcmpc/lib/python3.9/site-packages/pytorch3d/ops/points_alignment.py:338: UserWarning: Excessively low rank of cross-correlation between aligned point clouds. corresponding_points_alignment cannot return a unique rotation.
  warnings.warn(
[geom-timing] sample=   12  n_anchors=120  icpcd_ms=113.0
/root/miniconda3/envs/mcmpc/lib/python3.9/site-packages/pytorch3d/ops/points_alignment.py:338: UserWarning: Excessively low rank of cross-correlation between aligned point clouds. corresponding_points_alignment cannot return a unique rotation.
  warnings.warn(
[geom-timing] sample=   13  n_anchors=120  icpcd_ms=111.8
/root/miniconda3/envs/mcmpc/lib/python3.9/site-packages/pytorch3d/ops/points_alignment.py:338: UserWarning: Excessively low rank of cross-correlation between aligned point clouds. corresponding_points_alignment cannot return a unique rotation.
  warnings.warn(
[geom-timing] sample=   14  n_anchors=120  icpcd_ms=57.8
/root/miniconda3/envs/mcmpc/lib/python3.9/site-packages/pytorch3d/ops/points_alignment.py:338: UserWarning: Excessively low rank of cross-correlation between aligned point clouds. corresponding_points_alignment cannot return a unique rotation.
  warnings.warn(
[geom-timing] sample=   15  n_anchors=120  icpcd_ms=54.2
/root/miniconda3/envs/mcmpc/lib/python3.9/site-packages/pytorch3d/ops/points_alignment.py:338: UserWarning: Excessively low rank of cross-correlation between aligned point clouds. corresponding_points_alignment cannot return a unique rotation.
  warnings.warn(
[geom-timing] sample=   16  n_anchors=120  icpcd_ms=53.1
/root/miniconda3/envs/mcmpc/lib/python3.9/site-packages/pytorch3d/ops/points_alignment.py:338: UserWarning: Excessively low rank of cross-correlation between aligned point clouds. corresponding_points_alignment cannot return a unique rotation.
  warnings.warn(
[geom-timing] sample=   17  n_anchors=120  icpcd_ms=48.6
/root/miniconda3/envs/mcmpc/lib/python3.9/site-packages/pytorch3d/ops/points_alignment.py:338: UserWarning: Excessively low rank of cross-correlation between aligned point clouds. corresponding_points_alignment cannot return a unique rotation.
  warnings.warn(
[geom-timing] sample=   18  n_anchors=120  icpcd_ms=52.1
/root/miniconda3/envs/mcmpc/lib/python3.9/site-packages/pytorch3d/ops/points_alignment.py:338: UserWarning: Excessively low rank of cross-correlation between aligned point clouds. corresponding_points_alignment cannot return a unique rotation.
  warnings.warn(
[geom-timing] sample=   19  n_anchors=120  icpcd_ms=48.1
/root/miniconda3/envs/mcmpc/lib/python3.9/site-packages/pytorch3d/ops/points_alignment.py:338: UserWarning: Excessively low rank of cross-correlation between aligned point clouds. corresponding_points_alignment cannot return a unique rotation.
  warnings.warn(
[geom-timing] sample=   20  n_anchors=120  icpcd_ms=56.2
/root/miniconda3/envs/mcmpc/lib/python3.9/site-packages/pytorch3d/ops/points_alignment.py:338: UserWarning: Excessively low rank of cross-correlation between aligned point clouds. corresponding_points_alignment cannot return a unique rotation.
  warnings.warn(
[geom-timing] sample=   21  n_anchors=120  icpcd_ms=57.2
/root/miniconda3/envs/mcmpc/lib/python3.9/site-packages/pytorch3d/ops/points_alignment.py:338: UserWarning: Excessively low rank of cross-correlation between aligned point clouds. corresponding_points_alignment cannot return a unique rotation.
  warnings.warn(
[geom-timing] sample=   22  n_anchors=120  icpcd_ms=48.1
/root/miniconda3/envs/mcmpc/lib/python3.9/site-packages/pytorch3d/ops/points_alignment.py:338: UserWarning: Excessively low rank of cross-correlation between aligned point clouds. corresponding_points_alignment cannot return a unique rotation.
  warnings.warn(
[geom-timing] sample=   23  n_anchors=120  icpcd_ms=48.0
/root/miniconda3/envs/mcmpc/lib/python3.9/site-packages/pytorch3d/ops/points_alignment.py:338: UserWarning: Excessively low rank of cross-correlation between aligned point clouds. corresponding_points_alignment cannot return a unique rotation.
  warnings.warn(
[geom-timing] sample=   24  n_anchors=120  icpcd_ms=49.0
/root/miniconda3/envs/mcmpc/lib/python3.9/site-packages/pytorch3d/ops/points_alignment.py:338: UserWarning: Excessively low rank of cross-correlation between aligned point clouds. corresponding_points_alignment cannot return a unique rotation.
  warnings.warn(
[geom-timing] sample=   25  n_anchors=120  icpcd_ms=48.5
/root/miniconda3/envs/mcmpc/lib/python3.9/site-packages/pytorch3d/ops/points_alignment.py:338: UserWarning: Excessively low rank of cross-correlation between aligned point clouds. corresponding_points_alignment cannot return a unique rotation.
  warnings.warn(
[geom-timing] sample=   26  n_anchors=120  icpcd_ms=48.3
/root/miniconda3/envs/mcmpc/lib/python3.9/site-packages/pytorch3d/ops/points_alignment.py:338: UserWarning: Excessively low rank of cross-correlation between aligned point clouds. corresponding_points_alignment cannot return a unique rotation.
  warnings.warn(
[geom-timing] sample=   27  n_anchors=120  icpcd_ms=52.6
/root/miniconda3/envs/mcmpc/lib/python3.9/site-packages/pytorch3d/ops/points_alignment.py:338: UserWarning: Excessively low rank of cross-correlation between aligned point clouds. corresponding_points_alignment cannot return a unique rotation.
  warnings.warn(
[geom-timing] sample=   28  n_anchors=120  icpcd_ms=48.1
/root/miniconda3/envs/mcmpc/lib/python3.9/site-packages/pytorch3d/ops/points_alignment.py:338: UserWarning: Excessively low rank of cross-correlation between aligned point clouds. corresponding_points_alignment cannot return a unique rotation.
  warnings.warn(
[geom-timing] sample=   29  n_anchors=120  icpcd_ms=48.7
/root/miniconda3/envs/mcmpc/lib/python3.9/site-packages/pytorch3d/ops/points_alignment.py:338: UserWarning: Excessively low rank of cross-correlation between aligned point clouds. corresponding_points_alignment cannot return a unique rotation.
  warnings.warn(
[geom-timing] sample=   30  n_anchors=120  icpcd_ms=51.9
/root/miniconda3/envs/mcmpc/lib/python3.9/site-packages/pytorch3d/ops/points_alignment.py:338: UserWarning: Excessively low rank of cross-correlation between aligned point clouds. corresponding_points_alignment cannot return a unique rotation.
  warnings.warn(
[geom-timing] sample=   31  n_anchors=120  icpcd_ms=48.6
/root/miniconda3/envs/mcmpc/lib/python3.9/site-packages/pytorch3d/ops/points_alignment.py:338: UserWarning: Excessively low rank of cross-correlation between aligned point clouds. corresponding_points_alignment cannot return a unique rotation.
  warnings.warn(
[geom-timing] sample=   32  n_anchors=120  icpcd_ms=48.3
/root/miniconda3/envs/mcmpc/lib/python3.9/site-packages/pytorch3d/ops/points_alignment.py:338: UserWarning: Excessively low rank of cross-correlation between aligned point clouds. corresponding_points_alignment cannot return a unique rotation.
  warnings.warn(
[geom-timing] sample=   33  n_anchors=120  icpcd_ms=48.5
/root/miniconda3/envs/mcmpc/lib/python3.9/site-packages/pytorch3d/ops/points_alignment.py:338: UserWarning: Excessively low rank of cross-correlation between aligned point clouds. corresponding_points_alignment cannot return a unique rotation.
  warnings.warn(
[geom-timing] sample=   34  n_anchors=120  icpcd_ms=48.5
/root/miniconda3/envs/mcmpc/lib/python3.9/site-packages/pytorch3d/ops/points_alignment.py:338: UserWarning: Excessively low rank of cross-correlation between aligned point clouds. corresponding_points_alignment cannot return a unique rotation.
  warnings.warn(
[geom-timing] sample=   35  n_anchors=120  icpcd_ms=48.0
/root/miniconda3/envs/mcmpc/lib/python3.9/site-packages/pytorch3d/ops/points_alignment.py:338: UserWarning: Excessively low rank of cross-correlation between aligned point clouds. corresponding_points_alignment cannot return a unique rotation.
  warnings.warn(
[geom-timing] sample=   36  n_anchors=120  icpcd_ms=47.8
/root/miniconda3/envs/mcmpc/lib/python3.9/site-packages/pytorch3d/ops/points_alignment.py:338: UserWarning: Excessively low rank of cross-correlation between aligned point clouds. corresponding_points_alignment cannot return a unique rotation.
  warnings.warn(
[geom-timing] sample=   37  n_anchors=120  icpcd_ms=51.9
/root/miniconda3/envs/mcmpc/lib/python3.9/site-packages/pytorch3d/ops/points_alignment.py:338: UserWarning: Excessively low rank of cross-correlation between aligned point clouds. corresponding_points_alignment cannot return a unique rotation.
  warnings.warn(
[geom-timing] sample=   38  n_anchors=120  icpcd_ms=48.4
/root/miniconda3/envs/mcmpc/lib/python3.9/site-packages/pytorch3d/ops/points_alignment.py:338: UserWarning: Excessively low rank of cross-correlation between aligned point clouds. corresponding_points_alignment cannot return a unique rotation.
  warnings.warn(
[geom-timing] sample=   39  n_anchors=120  icpcd_ms=56.5
/root/miniconda3/envs/mcmpc/lib/python3.9/site-packages/pytorch3d/ops/points_alignment.py:338: UserWarning: Excessively low rank of cross-correlation between aligned point clouds. corresponding_points_alignment cannot return a unique rotation.
  warnings.warn(
[geom-timing] sample=   40  n_anchors=120  icpcd_ms=48.2
/root/miniconda3/envs/mcmpc/lib/python3.9/site-packages/pytorch3d/ops/points_alignment.py:338: UserWarning: Excessively low rank of cross-correlation between aligned point clouds. corresponding_points_alignment cannot return a unique rotation.
  warnings.warn(
[geom-timing] sample=   41  n_anchors=120  icpcd_ms=47.6
/root/miniconda3/envs/mcmpc/lib/python3.9/site-packages/pytorch3d/ops/points_alignment.py:338: UserWarning: Excessively low rank of cross-correlation between aligned point clouds. corresponding_points_alignment cannot return a unique rotation.
  warnings.warn(
[geom-timing] sample=   42  n_anchors=120  icpcd_ms=47.7
/root/miniconda3/envs/mcmpc/lib/python3.9/site-packages/pytorch3d/ops/points_alignment.py:338: UserWarning: Excessively low rank of cross-correlation between aligned point clouds. corresponding_points_alignment cannot return a unique rotation.
  warnings.warn(
[geom-timing] sample=   43  n_anchors=120  icpcd_ms=47.6
/root/miniconda3/envs/mcmpc/lib/python3.9/site-packages/pytorch3d/ops/points_alignment.py:338: UserWarning: Excessively low rank of cross-correlation between aligned point clouds. corresponding_points_alignment cannot return a unique rotation.
  warnings.warn(
[geom-timing] sample=   44  n_anchors=120  icpcd_ms=47.5
/root/miniconda3/envs/mcmpc/lib/python3.9/site-packages/pytorch3d/ops/points_alignment.py:338: UserWarning: Excessively low rank of cross-correlation between aligned point clouds. corresponding_points_alignment cannot return a unique rotation.
  warnings.warn(
[geom-timing] sample=   45  n_anchors=120  icpcd_ms=51.8
/root/miniconda3/envs/mcmpc/lib/python3.9/site-packages/pytorch3d/ops/points_alignment.py:338: UserWarning: Excessively low rank of cross-correlation between aligned point clouds. corresponding_points_alignment cannot return a unique rotation.
  warnings.warn(
[geom-timing] sample=   46  n_anchors=120  icpcd_ms=49.3
/root/miniconda3/envs/mcmpc/lib/python3.9/site-packages/pytorch3d/ops/points_alignment.py:338: UserWarning: Excessively low rank of cross-correlation between aligned point clouds. corresponding_points_alignment cannot return a unique rotation.
  warnings.warn(
[geom-timing] sample=   47  n_anchors=120  icpcd_ms=47.8
/root/miniconda3/envs/mcmpc/lib/python3.9/site-packages/pytorch3d/ops/points_alignment.py:338: UserWarning: Excessively low rank of cross-correlation between aligned point clouds. corresponding_points_alignment cannot return a unique rotation.
  warnings.warn(
[geom-timing] sample=   48  n_anchors=120  icpcd_ms=51.7
/root/miniconda3/envs/mcmpc/lib/python3.9/site-packages/pytorch3d/ops/points_alignment.py:338: UserWarning: Excessively low rank of cross-correlation between aligned point clouds. corresponding_points_alignment cannot return a unique rotation.
  warnings.warn(
[geom-timing] sample=   49  n_anchors=120  icpcd_ms=47.6
>>> [smoke] reached --max_samples=50, breaking.
---- ***Final*** [hier+geom] test accuracy: 72.00. ----

wandb: 
wandb: Run history:
wandb: Averaged test accuracy ██▁▃▄▅▆▆▆▆▆▅▅▄▅▅▅▄▃▄▃▃▃▃▂▃▃▃▃▃▄▄▄▃▃▃▃▃▂▂
wandb:             modelnet_c ▁
wandb: 
wandb: Run summary:
wandb: Averaged test accuracy 72
wandb:             modelnet_c 72
wandb: 
wandb: You can sync this run to the cloud by running:
wandb: wandb sync /root/autodl-tmp/MCM-PC/Point-Cache/wandb/offline-run-20260511_112640-998fmn8g
wandb: Find logs at: ./wandb/offline-run-20260511_112640-998fmn8g/logs
