
 --------------------
	clip_params: 2539567105

 --------------------
	lm3d_params: 32326080

 --------------------
	total_params: 2571893185 

Processing modelnet_c dataset.

cfg['positive']['shot_capacity']: 3 

n_cluster in KMeans: 3 

`alpha` for cache weights: 4.0 

`beta` for cache attention sharpness: 3.0 


Running dataset configurations:
{'positive': {'enabled': True, 'shot_capacity': 3, 'alpha': 4.0, 'beta': 3.0}, 'negative': {'enabled': True, 'shot_capacity': 2, 'alpha': 0.117, 'beta': 1.0, 'entropy_threshold': {'lower': 0.2, 'upper': 0.5}, 'mask_threshold': {'lower': 0.03, 'upper': 1.0}}} 

>>> classnames: ['airplane', 'bathtub', 'bed', 'bench', 'bookshelf', 'bottle', 'bowl', 'car', 'chair', 'cone', 'cup', 'curtain', 'desk', 'door', 'dresser', 'flower_pot', 'glass_box', 'guitar', 'keyboard', 'lamp', 'laptop', 'mantel', 'monitor', 'night_stand', 'person', 'piano', 'plant', 'radio', 'range_hood', 'sink', 'sofa', 'stairs', 'stool', 'table', 'tent', 'toilet', 'tv_stand', 'vase', 'wardrobe', 'xbox']
wandb: Tracking run with wandb version 0.26.1
wandb: W&B syncing is set to `offline` in this directory. Run `wandb online` or set WANDB_MODE=online to enable cloud syncing.
wandb: Run data is saved locally in /root/autodl-tmp/MCM-PC/Point-Cache/wandb/offline-run-20260511_115645-1toxmb8r
********** Building [global] and [local] pos. cache ... ********** 

********** Building [global] and [local] pos. cache is Done! ********** 

len(pos_cache): 40
len(pos_local_cache): 40
>>> [geom] enabled, n_anchors = 120, alpha_g = 6.0, beta_g = 5.0, zero_mean = True, estimate_scale = True
/root/miniconda3/envs/mcmpc/lib/python3.9/site-packages/pytorch3d/ops/points_alignment.py:338: UserWarning: Excessively low rank of cross-correlation between aligned point clouds. corresponding_points_alignment cannot return a unique rotation.
  warnings.warn(
[geom-timing] sample=    0  n_anchors=120  icpcd_ms=923.7
---- [hier+geom] step 0 test acc: 100.00. ----

/root/miniconda3/envs/mcmpc/lib/python3.9/site-packages/pytorch3d/ops/points_alignment.py:338: UserWarning: Excessively low rank of cross-correlation between aligned point clouds. corresponding_points_alignment cannot return a unique rotation.
  warnings.warn(
[geom-timing] sample=    1  n_anchors=120  icpcd_ms=155.1
/root/miniconda3/envs/mcmpc/lib/python3.9/site-packages/pytorch3d/ops/points_alignment.py:338: UserWarning: Excessively low rank of cross-correlation between aligned point clouds. corresponding_points_alignment cannot return a unique rotation.
  warnings.warn(
[geom-timing] sample=    2  n_anchors=120  icpcd_ms=114.2
/root/miniconda3/envs/mcmpc/lib/python3.9/site-packages/pytorch3d/ops/points_alignment.py:338: UserWarning: Excessively low rank of cross-correlation between aligned point clouds. corresponding_points_alignment cannot return a unique rotation.
  warnings.warn(
[geom-timing] sample=    3  n_anchors=120  icpcd_ms=146.1
/root/miniconda3/envs/mcmpc/lib/python3.9/site-packages/pytorch3d/ops/points_alignment.py:338: UserWarning: Excessively low rank of cross-correlation between aligned point clouds. corresponding_points_alignment cannot return a unique rotation.
  warnings.warn(
[geom-timing] sample=    4  n_anchors=120  icpcd_ms=129.3
/root/miniconda3/envs/mcmpc/lib/python3.9/site-packages/pytorch3d/ops/points_alignment.py:338: UserWarning: Excessively low rank of cross-correlation between aligned point clouds. corresponding_points_alignment cannot return a unique rotation.
  warnings.warn(
[geom-timing] sample=    5  n_anchors=120  icpcd_ms=110.9
/root/miniconda3/envs/mcmpc/lib/python3.9/site-packages/pytorch3d/ops/points_alignment.py:338: UserWarning: Excessively low rank of cross-correlation between aligned point clouds. corresponding_points_alignment cannot return a unique rotation.
  warnings.warn(
[geom-timing] sample=    6  n_anchors=120  icpcd_ms=116.8
/root/miniconda3/envs/mcmpc/lib/python3.9/site-packages/pytorch3d/ops/points_alignment.py:338: UserWarning: Excessively low rank of cross-correlation between aligned point clouds. corresponding_points_alignment cannot return a unique rotation.
  warnings.warn(
[geom-timing] sample=    7  n_anchors=120  icpcd_ms=117.0
/root/miniconda3/envs/mcmpc/lib/python3.9/site-packages/pytorch3d/ops/points_alignment.py:338: UserWarning: Excessively low rank of cross-correlation between aligned point clouds. corresponding_points_alignment cannot return a unique rotation.
  warnings.warn(
[geom-timing] sample=    8  n_anchors=120  icpcd_ms=64.3
/root/miniconda3/envs/mcmpc/lib/python3.9/site-packages/pytorch3d/ops/points_alignment.py:338: UserWarning: Excessively low rank of cross-correlation between aligned point clouds. corresponding_points_alignment cannot return a unique rotation.
  warnings.warn(
[geom-timing] sample=    9  n_anchors=120  icpcd_ms=52.7
/root/miniconda3/envs/mcmpc/lib/python3.9/site-packages/pytorch3d/ops/points_alignment.py:338: UserWarning: Excessively low rank of cross-correlation between aligned point clouds. corresponding_points_alignment cannot return a unique rotation.
  warnings.warn(
[geom-timing] sample=   10  n_anchors=120  icpcd_ms=71.2
/root/miniconda3/envs/mcmpc/lib/python3.9/site-packages/pytorch3d/ops/points_alignment.py:338: UserWarning: Excessively low rank of cross-correlation between aligned point clouds. corresponding_points_alignment cannot return a unique rotation.
  warnings.warn(
[geom-timing] sample=   11  n_anchors=120  icpcd_ms=79.7
/root/miniconda3/envs/mcmpc/lib/python3.9/site-packages/pytorch3d/ops/points_alignment.py:338: UserWarning: Excessively low rank of cross-correlation between aligned point clouds. corresponding_points_alignment cannot return a unique rotation.
  warnings.warn(
[geom-timing] sample=   12  n_anchors=120  icpcd_ms=75.5
/root/miniconda3/envs/mcmpc/lib/python3.9/site-packages/pytorch3d/ops/points_alignment.py:338: UserWarning: Excessively low rank of cross-correlation between aligned point clouds. corresponding_points_alignment cannot return a unique rotation.
  warnings.warn(
[geom-timing] sample=   13  n_anchors=120  icpcd_ms=68.5
/root/miniconda3/envs/mcmpc/lib/python3.9/site-packages/pytorch3d/ops/points_alignment.py:338: UserWarning: Excessively low rank of cross-correlation between aligned point clouds. corresponding_points_alignment cannot return a unique rotation.
  warnings.warn(
[geom-timing] sample=   14  n_anchors=120  icpcd_ms=72.7
/root/miniconda3/envs/mcmpc/lib/python3.9/site-packages/pytorch3d/ops/points_alignment.py:338: UserWarning: Excessively low rank of cross-correlation between aligned point clouds. corresponding_points_alignment cannot return a unique rotation.
  warnings.warn(
[geom-timing] sample=   15  n_anchors=120  icpcd_ms=121.3
/root/miniconda3/envs/mcmpc/lib/python3.9/site-packages/pytorch3d/ops/points_alignment.py:338: UserWarning: Excessively low rank of cross-correlation between aligned point clouds. corresponding_points_alignment cannot return a unique rotation.
  warnings.warn(
[geom-timing] sample=   16  n_anchors=120  icpcd_ms=56.2
/root/miniconda3/envs/mcmpc/lib/python3.9/site-packages/pytorch3d/ops/points_alignment.py:338: UserWarning: Excessively low rank of cross-correlation between aligned point clouds. corresponding_points_alignment cannot return a unique rotation.
  warnings.warn(
[geom-timing] sample=   17  n_anchors=120  icpcd_ms=62.2
/root/miniconda3/envs/mcmpc/lib/python3.9/site-packages/pytorch3d/ops/points_alignment.py:338: UserWarning: Excessively low rank of cross-correlation between aligned point clouds. corresponding_points_alignment cannot return a unique rotation.
  warnings.warn(
[geom-timing] sample=   18  n_anchors=120  icpcd_ms=76.0
/root/miniconda3/envs/mcmpc/lib/python3.9/site-packages/pytorch3d/ops/points_alignment.py:338: UserWarning: Excessively low rank of cross-correlation between aligned point clouds. corresponding_points_alignment cannot return a unique rotation.
  warnings.warn(
[geom-timing] sample=   19  n_anchors=120  icpcd_ms=79.6
/root/miniconda3/envs/mcmpc/lib/python3.9/site-packages/pytorch3d/ops/points_alignment.py:338: UserWarning: Excessively low rank of cross-correlation between aligned point clouds. corresponding_points_alignment cannot return a unique rotation.
  warnings.warn(
[geom-timing] sample=   20  n_anchors=120  icpcd_ms=115.1
/root/miniconda3/envs/mcmpc/lib/python3.9/site-packages/pytorch3d/ops/points_alignment.py:338: UserWarning: Excessively low rank of cross-correlation between aligned point clouds. corresponding_points_alignment cannot return a unique rotation.
  warnings.warn(
[geom-timing] sample=   21  n_anchors=120  icpcd_ms=118.3
/root/miniconda3/envs/mcmpc/lib/python3.9/site-packages/pytorch3d/ops/points_alignment.py:338: UserWarning: Excessively low rank of cross-correlation between aligned point clouds. corresponding_points_alignment cannot return a unique rotation.
  warnings.warn(
[geom-timing] sample=   22  n_anchors=120  icpcd_ms=113.2
/root/miniconda3/envs/mcmpc/lib/python3.9/site-packages/pytorch3d/ops/points_alignment.py:338: UserWarning: Excessively low rank of cross-correlation between aligned point clouds. corresponding_points_alignment cannot return a unique rotation.
  warnings.warn(
[geom-timing] sample=   23  n_anchors=120  icpcd_ms=78.1
/root/miniconda3/envs/mcmpc/lib/python3.9/site-packages/pytorch3d/ops/points_alignment.py:338: UserWarning: Excessively low rank of cross-correlation between aligned point clouds. corresponding_points_alignment cannot return a unique rotation.
  warnings.warn(
[geom-timing] sample=   24  n_anchors=120  icpcd_ms=70.1
/root/miniconda3/envs/mcmpc/lib/python3.9/site-packages/pytorch3d/ops/points_alignment.py:338: UserWarning: Excessively low rank of cross-correlation between aligned point clouds. corresponding_points_alignment cannot return a unique rotation.
  warnings.warn(
[geom-timing] sample=   25  n_anchors=120  icpcd_ms=114.4
/root/miniconda3/envs/mcmpc/lib/python3.9/site-packages/pytorch3d/ops/points_alignment.py:338: UserWarning: Excessively low rank of cross-correlation between aligned point clouds. corresponding_points_alignment cannot return a unique rotation.
  warnings.warn(
[geom-timing] sample=   26  n_anchors=120  icpcd_ms=109.2
/root/miniconda3/envs/mcmpc/lib/python3.9/site-packages/pytorch3d/ops/points_alignment.py:338: UserWarning: Excessively low rank of cross-correlation between aligned point clouds. corresponding_points_alignment cannot return a unique rotation.
  warnings.warn(
[geom-timing] sample=   27  n_anchors=120  icpcd_ms=112.0
/root/miniconda3/envs/mcmpc/lib/python3.9/site-packages/pytorch3d/ops/points_alignment.py:338: UserWarning: Excessively low rank of cross-correlation between aligned point clouds. corresponding_points_alignment cannot return a unique rotation.
  warnings.warn(
[geom-timing] sample=   28  n_anchors=120  icpcd_ms=113.1
/root/miniconda3/envs/mcmpc/lib/python3.9/site-packages/pytorch3d/ops/points_alignment.py:338: UserWarning: Excessively low rank of cross-correlation between aligned point clouds. corresponding_points_alignment cannot return a unique rotation.
  warnings.warn(
[geom-timing] sample=   29  n_anchors=120  icpcd_ms=109.4
/root/miniconda3/envs/mcmpc/lib/python3.9/site-packages/pytorch3d/ops/points_alignment.py:338: UserWarning: Excessively low rank of cross-correlation between aligned point clouds. corresponding_points_alignment cannot return a unique rotation.
  warnings.warn(
[geom-timing] sample=   30  n_anchors=120  icpcd_ms=146.0
/root/miniconda3/envs/mcmpc/lib/python3.9/site-packages/pytorch3d/ops/points_alignment.py:338: UserWarning: Excessively low rank of cross-correlation between aligned point clouds. corresponding_points_alignment cannot return a unique rotation.
  warnings.warn(
[geom-timing] sample=   31  n_anchors=120  icpcd_ms=113.2
/root/miniconda3/envs/mcmpc/lib/python3.9/site-packages/pytorch3d/ops/points_alignment.py:338: UserWarning: Excessively low rank of cross-correlation between aligned point clouds. corresponding_points_alignment cannot return a unique rotation.
  warnings.warn(
[geom-timing] sample=   32  n_anchors=120  icpcd_ms=91.4
/root/miniconda3/envs/mcmpc/lib/python3.9/site-packages/pytorch3d/ops/points_alignment.py:338: UserWarning: Excessively low rank of cross-correlation between aligned point clouds. corresponding_points_alignment cannot return a unique rotation.
  warnings.warn(
[geom-timing] sample=   33  n_anchors=120  icpcd_ms=73.7
/root/miniconda3/envs/mcmpc/lib/python3.9/site-packages/pytorch3d/ops/points_alignment.py:338: UserWarning: Excessively low rank of cross-correlation between aligned point clouds. corresponding_points_alignment cannot return a unique rotation.
  warnings.warn(
[geom-timing] sample=   34  n_anchors=120  icpcd_ms=66.5
/root/miniconda3/envs/mcmpc/lib/python3.9/site-packages/pytorch3d/ops/points_alignment.py:338: UserWarning: Excessively low rank of cross-correlation between aligned point clouds. corresponding_points_alignment cannot return a unique rotation.
  warnings.warn(
[geom-timing] sample=   35  n_anchors=120  icpcd_ms=112.1
/root/miniconda3/envs/mcmpc/lib/python3.9/site-packages/pytorch3d/ops/points_alignment.py:338: UserWarning: Excessively low rank of cross-correlation between aligned point clouds. corresponding_points_alignment cannot return a unique rotation.
  warnings.warn(
[geom-timing] sample=   36  n_anchors=120  icpcd_ms=109.5
/root/miniconda3/envs/mcmpc/lib/python3.9/site-packages/pytorch3d/ops/points_alignment.py:338: UserWarning: Excessively low rank of cross-correlation between aligned point clouds. corresponding_points_alignment cannot return a unique rotation.
  warnings.warn(
[geom-timing] sample=   37  n_anchors=120  icpcd_ms=112.8
/root/miniconda3/envs/mcmpc/lib/python3.9/site-packages/pytorch3d/ops/points_alignment.py:338: UserWarning: Excessively low rank of cross-correlation between aligned point clouds. corresponding_points_alignment cannot return a unique rotation.
  warnings.warn(
[geom-timing] sample=   38  n_anchors=120  icpcd_ms=85.9
/root/miniconda3/envs/mcmpc/lib/python3.9/site-packages/pytorch3d/ops/points_alignment.py:338: UserWarning: Excessively low rank of cross-correlation between aligned point clouds. corresponding_points_alignment cannot return a unique rotation.
  warnings.warn(
[geom-timing] sample=   39  n_anchors=120  icpcd_ms=81.2
/root/miniconda3/envs/mcmpc/lib/python3.9/site-packages/pytorch3d/ops/points_alignment.py:338: UserWarning: Excessively low rank of cross-correlation between aligned point clouds. corresponding_points_alignment cannot return a unique rotation.
  warnings.warn(
[geom-timing] sample=   40  n_anchors=120  icpcd_ms=107.1
/root/miniconda3/envs/mcmpc/lib/python3.9/site-packages/pytorch3d/ops/points_alignment.py:338: UserWarning: Excessively low rank of cross-correlation between aligned point clouds. corresponding_points_alignment cannot return a unique rotation.
  warnings.warn(
[geom-timing] sample=   41  n_anchors=120  icpcd_ms=113.1
/root/miniconda3/envs/mcmpc/lib/python3.9/site-packages/pytorch3d/ops/points_alignment.py:338: UserWarning: Excessively low rank of cross-correlation between aligned point clouds. corresponding_points_alignment cannot return a unique rotation.
  warnings.warn(
[geom-timing] sample=   42  n_anchors=120  icpcd_ms=72.9
/root/miniconda3/envs/mcmpc/lib/python3.9/site-packages/pytorch3d/ops/points_alignment.py:338: UserWarning: Excessively low rank of cross-correlation between aligned point clouds. corresponding_points_alignment cannot return a unique rotation.
  warnings.warn(
[geom-timing] sample=   43  n_anchors=120  icpcd_ms=172.6
/root/miniconda3/envs/mcmpc/lib/python3.9/site-packages/pytorch3d/ops/points_alignment.py:338: UserWarning: Excessively low rank of cross-correlation between aligned point clouds. corresponding_points_alignment cannot return a unique rotation.
  warnings.warn(
[geom-timing] sample=   44  n_anchors=120  icpcd_ms=113.8
/root/miniconda3/envs/mcmpc/lib/python3.9/site-packages/pytorch3d/ops/points_alignment.py:338: UserWarning: Excessively low rank of cross-correlation between aligned point clouds. corresponding_points_alignment cannot return a unique rotation.
  warnings.warn(
[geom-timing] sample=   45  n_anchors=120  icpcd_ms=102.9
/root/miniconda3/envs/mcmpc/lib/python3.9/site-packages/pytorch3d/ops/points_alignment.py:338: UserWarning: Excessively low rank of cross-correlation between aligned point clouds. corresponding_points_alignment cannot return a unique rotation.
  warnings.warn(
[geom-timing] sample=   46  n_anchors=120  icpcd_ms=64.2
/root/miniconda3/envs/mcmpc/lib/python3.9/site-packages/pytorch3d/ops/points_alignment.py:338: UserWarning: Excessively low rank of cross-correlation between aligned point clouds. corresponding_points_alignment cannot return a unique rotation.
  warnings.warn(
[geom-timing] sample=   47  n_anchors=120  icpcd_ms=59.8
/root/miniconda3/envs/mcmpc/lib/python3.9/site-packages/pytorch3d/ops/points_alignment.py:338: UserWarning: Excessively low rank of cross-correlation between aligned point clouds. corresponding_points_alignment cannot return a unique rotation.
  warnings.warn(
[geom-timing] sample=   48  n_anchors=120  icpcd_ms=59.2
/root/miniconda3/envs/mcmpc/lib/python3.9/site-packages/pytorch3d/ops/points_alignment.py:338: UserWarning: Excessively low rank of cross-correlation between aligned point clouds. corresponding_points_alignment cannot return a unique rotation.
  warnings.warn(
[geom-timing] sample=   49  n_anchors=120  icpcd_ms=57.2
>>> [smoke] reached --max_samples=50, breaking.
---- ***Final*** [hier+geom] test accuracy: 70.00. ----

wandb: 
wandb: Run history:
wandb: Averaged test accuracy ██▁▃▄▅▅▆▆▆▆▆▅▄▃▄▄▄▃▃▂▂▃▂▂▂▂▂▃▃▃▃▃▃▃▂▃▂▂▂
wandb:             modelnet_c ▁
wandb: 
wandb: Run summary:
wandb: Averaged test accuracy 70
wandb:             modelnet_c 70
wandb: 
wandb: You can sync this run to the cloud by running:
wandb: wandb sync /root/autodl-tmp/MCM-PC/Point-Cache/wandb/offline-run-20260511_115645-1toxmb8r
wandb: Find logs at: ./wandb/offline-run-20260511_115645-1toxmb8r/logs
