
 --------------------
	clip_params: 2539567105

 --------------------
	lm3d_params: 32326080

 --------------------
	total_params: 2571893185 

Processing modelnet_c dataset.

cfg['positive']['shot_capacity']: 3 

n_cluster in KMeans: 3 

`alpha` for cache weights: 4.0 

`beta` for cache attention sharpness: 3.0 


Running dataset configurations:
{'positive': {'enabled': True, 'shot_capacity': 3, 'alpha': 4.0, 'beta': 3.0}, 'negative': {'enabled': True, 'shot_capacity': 2, 'alpha': 0.117, 'beta': 1.0, 'entropy_threshold': {'lower': 0.2, 'upper': 0.5}, 'mask_threshold': {'lower': 0.03, 'upper': 1.0}}} 

>>> classnames: ['airplane', 'bathtub', 'bed', 'bench', 'bookshelf', 'bottle', 'bowl', 'car', 'chair', 'cone', 'cup', 'curtain', 'desk', 'door', 'dresser', 'flower_pot', 'glass_box', 'guitar', 'keyboard', 'lamp', 'laptop', 'mantel', 'monitor', 'night_stand', 'person', 'piano', 'plant', 'radio', 'range_hood', 'sink', 'sofa', 'stairs', 'stool', 'table', 'tent', 'toilet', 'tv_stand', 'vase', 'wardrobe', 'xbox']
wandb: Tracking run with wandb version 0.26.1
wandb: W&B syncing is set to `offline` in this directory. Run `wandb online` or set WANDB_MODE=online to enable cloud syncing.
wandb: Run data is saved locally in /root/autodl-tmp/MCM-PC/Point-Cache/wandb/offline-run-20260511_145157-9yoh3bhr
********** Building [global] and [local] pos. cache ... ********** 

********** Building [global] and [local] pos. cache is Done! ********** 

len(pos_cache): 40
len(pos_local_cache): 40
>>> [geom] disabled (bit-identical to bar3 hierarchical)
[sample-info] i=    0 ent=0.0362 pred= 10 target= 10 correct=1 gate=N/A
---- [hier] step 0 test acc: 100.00. ----

[sample-info] i=    1 ent=0.0003 pred= 17 target= 17 correct=1 gate=N/A
[sample-info] i=    2 ent=0.0972 pred= 21 target= 28 correct=0 gate=N/A
[sample-info] i=    3 ent=0.1108 pred=  6 target=  1 correct=0 gate=N/A
[sample-info] i=    4 ent=0.0001 pred= 17 target= 17 correct=1 gate=N/A
[sample-info] i=    5 ent=0.0867 pred=  4 target=  4 correct=1 gate=N/A
[sample-info] i=    6 ent=0.2148 pred= 16 target= 16 correct=1 gate=N/A
[sample-info] i=    7 ent=0.0273 pred= 22 target= 22 correct=1 gate=N/A
[sample-info] i=    8 ent=0.0042 pred=  2 target=  2 correct=1 gate=N/A
[sample-info] i=    9 ent=0.0564 pred=  4 target=  4 correct=1 gate=N/A
[sample-info] i=   10 ent=0.0005 pred=  5 target=  5 correct=1 gate=N/A
[sample-info] i=   11 ent=0.0278 pred= 36 target= 36 correct=1 gate=N/A
[sample-info] i=   12 ent=0.0767 pred= 28 target= 28 correct=1 gate=N/A
[sample-info] i=   13 ent=0.0028 pred= 22 target= 22 correct=1 gate=N/A
[sample-info] i=   14 ent=0.2289 pred= 11 target= 16 correct=0 gate=N/A
[sample-info] i=   15 ent=0.3831 pred= 39 target= 39 correct=1 gate=N/A
[sample-info] i=   16 ent=0.2163 pred= 21 target= 28 correct=0 gate=N/A
[sample-info] i=   17 ent=0.2944 pred= 28 target= 28 correct=1 gate=N/A
[sample-info] i=   18 ent=0.0144 pred= 28 target= 28 correct=1 gate=N/A
[sample-info] i=   19 ent=0.0003 pred=  0 target=  0 correct=1 gate=N/A
[sample-info] i=   20 ent=0.0079 pred= 30 target= 30 correct=1 gate=N/A
[sample-info] i=   21 ent=0.3152 pred= 12 target= 25 correct=0 gate=N/A
[sample-info] i=   22 ent=0.3342 pred=  7 target=  7 correct=1 gate=N/A
[sample-info] i=   23 ent=0.0124 pred=  4 target=  4 correct=1 gate=N/A
[sample-info] i=   24 ent=0.4082 pred= 18 target= 31 correct=0 gate=N/A
[sample-info] i=   25 ent=0.0903 pred= 14 target= 14 correct=1 gate=N/A
[sample-info] i=   26 ent=0.0224 pred=  1 target=  1 correct=1 gate=N/A
[sample-info] i=   27 ent=0.2477 pred=  5 target= 37 correct=0 gate=N/A
[sample-info] i=   28 ent=0.0554 pred= 12 target= 12 correct=1 gate=N/A
[sample-info] i=   29 ent=0.0718 pred= 37 target= 26 correct=0 gate=N/A
[sample-info] i=   30 ent=0.0356 pred= 28 target= 28 correct=1 gate=N/A
[sample-info] i=   31 ent=0.0690 pred=  4 target=  4 correct=1 gate=N/A
[sample-info] i=   32 ent=0.1202 pred= 16 target= 16 correct=1 gate=N/A
[sample-info] i=   33 ent=0.0321 pred= 29 target= 29 correct=1 gate=N/A
[sample-info] i=   34 ent=0.0632 pred= 30 target= 30 correct=1 gate=N/A
[sample-info] i=   35 ent=0.0950 pred=  4 target=  4 correct=1 gate=N/A
[sample-info] i=   36 ent=0.0031 pred=  5 target=  5 correct=1 gate=N/A
[sample-info] i=   37 ent=0.0343 pred=  4 target=  4 correct=1 gate=N/A
[sample-info] i=   38 ent=0.0060 pred= 22 target= 22 correct=1 gate=N/A
[sample-info] i=   39 ent=0.1011 pred= 14 target= 14 correct=1 gate=N/A
[sample-info] i=   40 ent=0.0001 pred= 25 target= 25 correct=1 gate=N/A
[sample-info] i=   41 ent=0.1865 pred= 10 target= 37 correct=0 gate=N/A
[sample-info] i=   42 ent=0.3215 pred= 28 target= 25 correct=0 gate=N/A
[sample-info] i=   43 ent=0.0530 pred= 23 target= 36 correct=0 gate=N/A
[sample-info] i=   44 ent=0.1295 pred= 36 target= 36 correct=1 gate=N/A
[sample-info] i=   45 ent=0.0014 pred=  7 target=  7 correct=1 gate=N/A
[sample-info] i=   46 ent=0.3147 pred= 12 target= 21 correct=0 gate=N/A
[sample-info] i=   47 ent=0.1635 pred= 38 target= 14 correct=0 gate=N/A
[sample-info] i=   48 ent=0.0001 pred=  0 target=  0 correct=1 gate=N/A
[sample-info] i=   49 ent=0.2355 pred= 12 target= 33 correct=0 gate=N/A
>>> [smoke] reached --max_samples=50, breaking.
---- ***Final*** [hier] test accuracy: 72.00. ----

wandb: 
wandb: Run history:
wandb: Averaged test accuracy ██▃▁▂▅▅▅▅▆▆▅▅▅▅▅▅▅▅▅▅▅▅▅▄▅▅▅▅▅▅▅▅▅▅▅▅▄▄▄
wandb:             modelnet_c ▁
wandb: 
wandb: Run summary:
wandb: Averaged test accuracy 72
wandb:             modelnet_c 72
wandb: 
wandb: You can sync this run to the cloud by running:
wandb: wandb sync /root/autodl-tmp/MCM-PC/Point-Cache/wandb/offline-run-20260511_145157-9yoh3bhr
wandb: Find logs at: ./wandb/offline-run-20260511_145157-9yoh3bhr/logs
